<html>
<body>
<pre>
<h1>µVision Build Log</h1>
<h2>Tool Versions:</h2>
IDE-Version: µVision V5.41.0.0
Copyright (C) 2024 ARM Ltd and ARM Germany GmbH. All rights reserved.
License Information: Onur Agaoglu, None, LIC=----
 
Tool Versions:
Toolchain:       MDK-Lite  Version: 5.41.0.0
Toolchain Path:  C:\Users\PC\AppData\Local\Keil_v5\ARM\ARMCLANG\Bin
C Compiler:      ArmClang.exe V6.22
Assembler:       Armasm.exe V6.22
Linker/Locator:  ArmLink.exe V6.22
Library Manager: ArmAr.exe V6.22
Hex Converter:   FromElf.exe V6.22
CPU DLL:         SARMCM3.DLL V5.41.0.0
Dialog DLL:      DARMCM1.DLL V1.19.6.0
Target DLL:      STLink\ST-LINKIII-KEIL_SWO.dll V3.3.0.0
Dialog DLL:      TARMCM1.DLL V1.14.6.0
 
<h2>Project:</h2>
C:\Users\PC\keil_project\STM32F070\uart_F070\exp_uart.uvprojx
Project File Date:  11/22/2025

<h2>Output:</h2>
*** Using Compiler 'V6.22', folder: 'C:\Users\PC\AppData\Local\Keil_v5\ARM\ARMCLANG\Bin'
Build target 'Target_1'
compiling main.c...
linking...
Program Size: Code=1820 RO-data=1088 RW-data=8 ZI-data=1768  
".\Objects\exp_uart.axf" - 0 Error(s), 0 Warning(s).

<h2>Software Packages used:</h2>

Package Vendor: ARM
                https://www.keil.com/pack/ARM.CMSIS.6.2.0.pack
                ARM::CMSIS@6.2.0
                CMSIS (Common Microcontroller Software Interface Standard)
   * Component: CORE Version: 6.1.1

Package Vendor: Keil
                https://www.keil.com/pack/Keil.STM32F0xx_DFP.2.1.1.pack
                Keil::STM32F0xx_DFP@2.1.1
                STMicroelectronics STM32F0 Series Device Support, Drivers and Examples
   * Component: Startup Version: 1.0.0

<h2>Collection of Component include folders:</h2>
  ./RTE/_Target_1
  C:/Users/PC/AppData/Local/arm/packs/ARM/CMSIS/6.2.0/CMSIS/Core/Include
  C:/Users/PC/AppData/Local/arm/packs/Keil/STM32F0xx_DFP/2.1.1/Drivers/CMSIS/Device/ST/STM32F0xx/Include

<h2>Collection of Component Files used:</h2>

   * Component: ARM::CMSIS:CORE@6.1.1

   * Component: Keil::Device&Standalone:Startup@1.0.0
      Source file:   MDK/Device/Source/ARM/STM32F0xx_OPT.s
      Include file:  Drivers/CMSIS/Device/ST/STM32F0xx/Include/stm32f0xx.h
      Source file:   Drivers/CMSIS/Device/ST/STM32F0xx/Source/Templates/system_stm32f0xx.c
      Source file:   Drivers/CMSIS/Device/ST/STM32F0xx/Source/Templates/arm/startup_stm32f070xb.s
Build Time Elapsed:  00:00:00
</pre>
</body>
</html>
